// Jest Snapshot v1, https://goo.gl/fbAQLP

exports[`Pruebas <PrimeraApp/> debe mostrar <PrimeraApp/> correctamente  1`] = `
<Fragment>
  <h1>
    Hola
  </h1>
  <p>
    valor por defecto
  </p>
</Fragment>
`;
